// Jest Snapshot v1, https://goo.gl/fbAQLP

exports[`Testing Button component Get snapshot Button component 1`] = `
<DocumentFragment>
  <button
    class="btn"
  >
    Кнопка
  </button>
</DocumentFragment>
`;
